OUT:
[36mvite v6.3.4 [32mbuilding for production...[36m[39m
transforming...
[32m✓[39m 493 modules transformed.

ERR:
Browserslist: browsers data (caniuse-lite) is 13 months old. Please run:
  npx update-browserslist-db@latest
  Why you should do it regularly: https://github.com/browserslist/update-db#readme
[31m✗[39m Build failed in 1.76s
[31merror during build:
[31msrc/components/TechStack.jsx (4:55): "SiVisualstudiocode" is not exported by "node_modules/react-icons/si/index.mjs", imported by "src/components/TechStack.jsx".[31m
file: [36mD:/Web Development/PortfolioProject/Portfolio-Frontend/src/components/TechStack.jsx:4:55[31m
[33m
2: import { motion } from 'framer-motion';
3: import { FaJava, FaJs, FaHtml5, FaCss3Alt, FaReact, FaNodeJs, FaGithub } from 'react-icons/fa';
4: import { SiTailwindcss, SiExpress, SiMongodb, SiMysql, SiVisualstudiocode, SiPostman } from 'react-icons/si';
                                                          ^
5: 
6: const techCategories = [
[31m
    at getRollupError (file:///D:/Web%20Development/PortfolioProject/Portfolio-Frontend/node_modules/rollup/dist/es/shared/parseAst.js:397:41)
    at error (file:///D:/Web%20Development/PortfolioProject/Portfolio-Frontend/node_modules/rollup/dist/es/shared/parseAst.js:393:42)
    at Module.error (file:///D:/Web%20Development/PortfolioProject/Portfolio-Frontend/node_modules/rollup/dist/es/shared/node-entry.js:16711:16)
    at Module.traceVariable (file:///D:/Web%20Development/PortfolioProject/Portfolio-Frontend/node_modules/rollup/dist/es/shared/node-entry.js:17160:29)
    at ModuleScope.findVariable (file:///D:/Web%20Development/PortfolioProject/Portfolio-Frontend/node_modules/rollup/dist/es/shared/node-entry.js:14816:39)
    at Identifier.bind (file:///D:/Web%20Development/PortfolioProject/Portfolio-Frontend/node_modules/rollup/dist/es/shared/node-entry.js:5356:40)
    at Property.bind (file:///D:/Web%20Development/PortfolioProject/Portfolio-Frontend/node_modules/rollup/dist/es/shared/node-entry.js:2783:23)
    at ObjectExpression.bind (file:///D:/Web%20Development/PortfolioProject/Portfolio-Frontend/node_modules/rollup/dist/es/shared/node-entry.js:2779:28)
    at ArrayExpression.bind (file:///D:/Web%20Development/PortfolioProject/Portfolio-Frontend/node_modules/rollup/dist/es/shared/node-entry.js:2779:28)
    at Property.bind (file:///D:/Web%20Development/PortfolioProject/Portfolio-Frontend/node_modules/rollup/dist/es/shared/node-entry.js:2783:23)[39m
